  problem3.cpp
C:\Users\soham\OneDrive - Arizona State University\sic_mundus\asu_phd\research_work\code\DailyCodingProblemsPractice\problem3_cpp\problem3\problem3.cpp(12): error C2109: subscript requires array or pointer type
C:\Users\soham\OneDrive - Arizona State University\sic_mundus\asu_phd\research_work\code\DailyCodingProblemsPractice\problem3_cpp\problem3\problem3.cpp(13,33): error C2672: 'std::begin': no matching overloaded function found
C:\Program Files\Microsoft Visual Studio\2022\Community\VC\Tools\MSVC\14.36.32532\include\xutility(1612,27): message : could be '_Ty *std::begin(_Ty (&)[_Size]) noexcept'
C:\Users\soham\OneDrive - Arizona State University\sic_mundus\asu_phd\research_work\code\DailyCodingProblemsPractice\problem3_cpp\problem3\problem3.cpp(13,33): message : '_Ty *std::begin(_Ty (&)[_Size]) noexcept': could not deduce template argument for '_Ty (&)[_Size]' from 'int'
C:\Program Files\Microsoft Visual Studio\2022\Community\VC\Tools\MSVC\14.36.32532\include\xutility(1594,30): message : or       'unknown-type std::begin(const _Container &) noexcept(<expr>)'
C:\Users\soham\OneDrive - Arizona State University\sic_mundus\asu_phd\research_work\code\DailyCodingProblemsPractice\problem3_cpp\problem3\problem3.cpp(13,33): message : Failed to specialize function template 'unknown-type std::begin(const _Container &) noexcept(<expr>)'
C:\Users\soham\OneDrive - Arizona State University\sic_mundus\asu_phd\research_work\code\DailyCodingProblemsPractice\problem3_cpp\problem3\problem3.cpp(13,33): message : With the following template arguments:
C:\Users\soham\OneDrive - Arizona State University\sic_mundus\asu_phd\research_work\code\DailyCodingProblemsPractice\problem3_cpp\problem3\problem3.cpp(13,33): message : '_Container=int'
C:\Program Files\Microsoft Visual Studio\2022\Community\VC\Tools\MSVC\14.36.32532\include\xutility(1588,30): message : or       'unknown-type std::begin(_Container &) noexcept(<expr>)'
C:\Users\soham\OneDrive - Arizona State University\sic_mundus\asu_phd\research_work\code\DailyCodingProblemsPractice\problem3_cpp\problem3\problem3.cpp(13,33): message : Failed to specialize function template 'unknown-type std::begin(_Container &) noexcept(<expr>)'
C:\Users\soham\OneDrive - Arizona State University\sic_mundus\asu_phd\research_work\code\DailyCodingProblemsPractice\problem3_cpp\problem3\problem3.cpp(13,33): message : With the following template arguments:
C:\Users\soham\OneDrive - Arizona State University\sic_mundus\asu_phd\research_work\code\DailyCodingProblemsPractice\problem3_cpp\problem3\problem3.cpp(13,33): message : '_Container=int'
C:\Program Files\Microsoft Visual Studio\2022\Community\VC\Tools\MSVC\14.36.32532\include\initializer_list(55,35): message : or       'const _Elem *std::begin(std::initializer_list<_Elem>) noexcept'
C:\Users\soham\OneDrive - Arizona State University\sic_mundus\asu_phd\research_work\code\DailyCodingProblemsPractice\problem3_cpp\problem3\problem3.cpp(13,33): message : 'const _Elem *std::begin(std::initializer_list<_Elem>) noexcept': could not deduce template argument for 'std::initializer_list<_Elem>' from 'int'
C:\Users\soham\OneDrive - Arizona State University\sic_mundus\asu_phd\research_work\code\DailyCodingProblemsPractice\problem3_cpp\problem3\problem3.cpp(13,45): error C2672: 'std::end': no matching overloaded function found
C:\Program Files\Microsoft Visual Studio\2022\Community\VC\Tools\MSVC\14.36.32532\include\xutility(1617,27): message : could be '_Ty *std::end(_Ty (&)[_Size]) noexcept'
C:\Users\soham\OneDrive - Arizona State University\sic_mundus\asu_phd\research_work\code\DailyCodingProblemsPractice\problem3_cpp\problem3\problem3.cpp(13,45): message : '_Ty *std::end(_Ty (&)[_Size]) noexcept': could not deduce template argument for '_Ty (&)[_Size]' from 'int'
C:\Program Files\Microsoft Visual Studio\2022\Community\VC\Tools\MSVC\14.36.32532\include\xutility(1606,30): message : or       'unknown-type std::end(const _Container &) noexcept(<expr>)'
C:\Users\soham\OneDrive - Arizona State University\sic_mundus\asu_phd\research_work\code\DailyCodingProblemsPractice\problem3_cpp\problem3\problem3.cpp(13,45): message : Failed to specialize function template 'unknown-type std::end(const _Container &) noexcept(<expr>)'
C:\Users\soham\OneDrive - Arizona State University\sic_mundus\asu_phd\research_work\code\DailyCodingProblemsPractice\problem3_cpp\problem3\problem3.cpp(13,45): message : With the following template arguments:
C:\Users\soham\OneDrive - Arizona State University\sic_mundus\asu_phd\research_work\code\DailyCodingProblemsPractice\problem3_cpp\problem3\problem3.cpp(13,45): message : '_Container=int'
C:\Program Files\Microsoft Visual Studio\2022\Community\VC\Tools\MSVC\14.36.32532\include\xutility(1600,30): message : or       'unknown-type std::end(_Container &) noexcept(<expr>)'
C:\Users\soham\OneDrive - Arizona State University\sic_mundus\asu_phd\research_work\code\DailyCodingProblemsPractice\problem3_cpp\problem3\problem3.cpp(13,45): message : Failed to specialize function template 'unknown-type std::end(_Container &) noexcept(<expr>)'
C:\Users\soham\OneDrive - Arizona State University\sic_mundus\asu_phd\research_work\code\DailyCodingProblemsPractice\problem3_cpp\problem3\problem3.cpp(13,45): message : With the following template arguments:
C:\Users\soham\OneDrive - Arizona State University\sic_mundus\asu_phd\research_work\code\DailyCodingProblemsPractice\problem3_cpp\problem3\problem3.cpp(13,45): message : '_Container=int'
C:\Program Files\Microsoft Visual Studio\2022\Community\VC\Tools\MSVC\14.36.32532\include\initializer_list(60,35): message : or       'const _Elem *std::end(std::initializer_list<_Elem>) noexcept'
C:\Users\soham\OneDrive - Arizona State University\sic_mundus\asu_phd\research_work\code\DailyCodingProblemsPractice\problem3_cpp\problem3\problem3.cpp(13,45): message : 'const _Elem *std::end(std::initializer_list<_Elem>) noexcept': could not deduce template argument for 'std::initializer_list<_Elem>' from 'int'
C:\Users\soham\OneDrive - Arizona State University\sic_mundus\asu_phd\research_work\code\DailyCodingProblemsPractice\problem3_cpp\problem3\problem3.cpp(13,27): error C2672: 'std::count': no matching overloaded function found
C:\Program Files\Microsoft Visual Studio\2022\Community\VC\Tools\MSVC\14.36.32532\include\xutility(5884,45): message : could be 'iterator_traits<_Iter>::difference_type std::count(const _InIt,const _InIt,const _Ty &)'
C:\Users\soham\OneDrive - Arizona State University\sic_mundus\asu_phd\research_work\code\DailyCodingProblemsPractice\problem3_cpp\problem3\problem3.cpp(13,27): message : 'iterator_traits<_Iter>::difference_type std::count(const _InIt,const _InIt,const _Ty &)': expects 3 arguments - 2 provided
C:\Users\soham\OneDrive - Arizona State University\sic_mundus\asu_phd\research_work\code\DailyCodingProblemsPractice\problem3_cpp\problem3\problem3.cpp(49,10): error C2182: 'result': this use of 'void' is not valid
C:\Users\soham\OneDrive - Arizona State University\sic_mundus\asu_phd\research_work\code\DailyCodingProblemsPractice\problem3_cpp\problem3\problem3.cpp(49,19): error C2664: 'void find_lowest_positive_integer(int)': cannot convert argument 1 from 'int [4]' to 'int'
C:\Users\soham\OneDrive - Arizona State University\sic_mundus\asu_phd\research_work\code\DailyCodingProblemsPractice\problem3_cpp\problem3\problem3.cpp(49,48): message : There is no context in which this conversion is possible
C:\Users\soham\OneDrive - Arizona State University\sic_mundus\asu_phd\research_work\code\DailyCodingProblemsPractice\problem3_cpp\problem3\problem3.cpp(8,6): message : see declaration of 'find_lowest_positive_integer'
C:\Users\soham\OneDrive - Arizona State University\sic_mundus\asu_phd\research_work\code\DailyCodingProblemsPractice\problem3_cpp\problem3\problem3.cpp(49,19): message : while trying to match the argument list '(int [4])'
